Component: ARM Compiler 5.06 update 6 (build 750) Tool: armlink [4d35ed]

==============================================================================

Section Cross References

    main.o(.text) refers to stm32f10x_usart.o(.text) for USART_ReceiveData
    main.o(.text) refers to fadd.o(.text) for __aeabi_fadd
    main.o(.text) refers to f2d.o(.text) for __aeabi_f2d
    main.o(.text) refers to dadd.o(.text) for __aeabi_dadd
    main.o(.text) refers to d2f.o(.text) for __aeabi_d2f
    main.o(.text) refers to fmul.o(.text) for __aeabi_fmul
    main.o(.text) refers to dmul.o(.text) for __aeabi_dmul
    main.o(.text) refers to cfrcmple.o(.text) for __aeabi_cfrcmple
    main.o(.text) refers to cfcmple.o(.text) for __aeabi_cfcmple
    main.o(.text) refers to tim.o(.text) for set_pwm_dutycycle
    main.o(.text) refers to delay.o(.text) for delay_init
    main.o(.text) refers to sys.o(.text) for NVIC_Configuration
    main.o(.text) refers to encoder.o(.text) for Lencoder_init
    main.o(.text) refers to linewalk.o(.text) for LineWalk_GPIO_Init
    main.o(.text) refers to motor.o(.text) for go_straight
    main.o(.text) refers to stm32f10x_tim.o(.text) for TIM_GetITStatus
    main.o(.text) refers to fflti.o(.text) for __aeabi_i2f
    main.o(.text) refers to fdiv.o(.text) for __aeabi_fdiv
    main.o(.text) refers to main.o(.data) for data_usart_receive
    main.o(.text) refers to motor.o(.data) for Sev_L
    system_stm32f10x.o(.text) refers to system_stm32f10x.o(.data) for SystemCoreClock
    startup_stm32f10x_hd.o(RESET) refers to startup_stm32f10x_hd.o(STACK) for __initial_sp
    startup_stm32f10x_hd.o(RESET) refers to startup_stm32f10x_hd.o(.text) for Reset_Handler
    startup_stm32f10x_hd.o(RESET) refers to stm32f10x_it.o(.text) for NMI_Handler
    startup_stm32f10x_hd.o(RESET) refers to main.o(.text) for TIM2_IRQHandler
    startup_stm32f10x_hd.o(RESET) refers to encoder.o(.text) for TIM3_IRQHandler
    startup_stm32f10x_hd.o(RESET) refers to usart.o(.text) for USART2_IRQHandler
    startup_stm32f10x_hd.o(.text) refers to system_stm32f10x.o(.text) for SystemInit
    startup_stm32f10x_hd.o(.text) refers to entry.o(.ARM.Collect$$$$00000000) for __main
    delay.o(.text) refers to misc.o(.text) for SysTick_CLKSourceConfig
    delay.o(.text) refers to system_stm32f10x.o(.data) for SystemCoreClock
    delay.o(.text) refers to delay.o(.data) for fac_us
    sys.o(.text) refers to misc.o(.text) for NVIC_PriorityGroupConfig
    usart.o(.text) refers to stm32f10x_rcc.o(.text) for RCC_APB2PeriphClockCmd
    usart.o(.text) refers to stm32f10x_gpio.o(.text) for GPIO_Init
    usart.o(.text) refers to misc.o(.text) for NVIC_Init
    usart.o(.text) refers to stm32f10x_usart.o(.text) for USART_Init
    usart.o(.text) refers to usart.o(.data) for USART_RX_STA
    usart.o(.text) refers to usart.o(.bss) for USART_RX_BUF
    tim.o(.text) refers to stm32f10x_rcc.o(.text) for RCC_APB2PeriphClockCmd
    tim.o(.text) refers to stm32f10x_gpio.o(.text) for GPIO_Init
    tim.o(.text) refers to stm32f10x_tim.o(.text) for TIM_TimeBaseInit
    tim.o(.text) refers to f2d.o(.text) for __aeabi_f2d
    tim.o(.text) refers to cdrcmple.o(.text) for __aeabi_cdrcmple
    tim.o(.text) refers to cdcmple.o(.text) for __aeabi_cdcmple
    tim.o(.text) refers to fadd.o(.text) for __aeabi_fsub
    tim.o(.text) refers to fmul.o(.text) for __aeabi_fmul
    tim.o(.text) refers to fdiv.o(.text) for __aeabi_fdiv
    tim.o(.text) refers to ffixui.o(.text) for __aeabi_f2uiz
    tim.o(.text) refers to misc.o(.text) for NVIC_Init
    encoder.o(.text) refers to stm32f10x_rcc.o(.text) for RCC_APB1PeriphClockCmd
    encoder.o(.text) refers to stm32f10x_gpio.o(.text) for GPIO_StructInit
    encoder.o(.text) refers to misc.o(.text) for NVIC_Init
    encoder.o(.text) refers to stm32f10x_tim.o(.text) for TIM_DeInit
    linewalk.o(.text) refers to stm32f10x_gpio.o(.text) for GPIO_ReadInputDataBit
    linewalk.o(.text) refers to stm32f10x_rcc.o(.text) for RCC_APB2PeriphClockCmd
    linewalk.o(.text) refers to motor.o(.text) for turn_left
    linewalk.o(.text) refers to delay.o(.text) for delay_ms
    linewalk.o(.text) refers to linewalk.o(.data) for LineR2
    motor.o(.text) refers to fflti.o(.text) for __aeabi_i2f
    motor.o(.text) refers to cfrcmple.o(.text) for __aeabi_cfrcmple
    motor.o(.text) refers to fadd.o(.text) for __aeabi_fadd
    motor.o(.text) refers to cfcmple.o(.text) for __aeabi_cfcmple
    motor.o(.text) refers to motor.o(.data) for t
    stm32f10x_adc.o(.text) refers to stm32f10x_rcc.o(.text) for RCC_APB2PeriphResetCmd
    stm32f10x_bkp.o(.text) refers to stm32f10x_rcc.o(.text) for RCC_BackupResetCmd
    stm32f10x_can.o(.text) refers to stm32f10x_rcc.o(.text) for RCC_APB1PeriphResetCmd
    stm32f10x_cec.o(.text) refers to stm32f10x_rcc.o(.text) for RCC_APB1PeriphResetCmd
    stm32f10x_dac.o(.text) refers to stm32f10x_rcc.o(.text) for RCC_APB1PeriphResetCmd
    stm32f10x_gpio.o(.text) refers to stm32f10x_rcc.o(.text) for RCC_APB2PeriphResetCmd
    stm32f10x_i2c.o(.text) refers to stm32f10x_rcc.o(.text) for RCC_APB1PeriphResetCmd
    stm32f10x_pwr.o(.text) refers to stm32f10x_rcc.o(.text) for RCC_APB1PeriphResetCmd
    stm32f10x_rcc.o(.text) refers to stm32f10x_rcc.o(.data) for APBAHBPrescTable
    stm32f10x_spi.o(.text) refers to stm32f10x_rcc.o(.text) for RCC_APB2PeriphResetCmd
    stm32f10x_tim.o(.text) refers to stm32f10x_rcc.o(.text) for RCC_APB2PeriphResetCmd
    stm32f10x_usart.o(.text) refers to stm32f10x_rcc.o(.text) for RCC_APB2PeriphResetCmd
    stm32f10x_wwdg.o(.text) refers to stm32f10x_rcc.o(.text) for RCC_APB1PeriphResetCmd
    entry.o(.ARM.Collect$$$$00000000) refers (Special) to entry10a.o(.ARM.Collect$$$$0000000D) for __rt_final_cpp
    entry.o(.ARM.Collect$$$$00000000) refers (Special) to entry11a.o(.ARM.Collect$$$$0000000F) for __rt_final_exit
    entry.o(.ARM.Collect$$$$00000000) refers (Special) to entry7b.o(.ARM.Collect$$$$00000008) for _main_clock
    entry.o(.ARM.Collect$$$$00000000) refers (Special) to entry8b.o(.ARM.Collect$$$$0000000A) for _main_cpp_init
    entry.o(.ARM.Collect$$$$00000000) refers (Special) to entry9a.o(.ARM.Collect$$$$0000000B) for _main_init
    entry.o(.ARM.Collect$$$$00000000) refers (Special) to entry5.o(.ARM.Collect$$$$00000004) for _main_scatterload
    entry.o(.ARM.Collect$$$$00000000) refers (Special) to entry2.o(.ARM.Collect$$$$00000001) for _main_stk
    fadd.o(.text) refers (Special) to iusefp.o(.text) for __I$use$fp
    fadd.o(.text) refers to fepilogue.o(.text) for _float_epilogue
    fmul.o(.text) refers (Special) to iusefp.o(.text) for __I$use$fp
    fdiv.o(.text) refers (Special) to iusefp.o(.text) for __I$use$fp
    fdiv.o(.text) refers to fepilogue.o(.text) for _float_round
    dadd.o(.text) refers (Special) to iusefp.o(.text) for __I$use$fp
    dadd.o(.text) refers to llshl.o(.text) for __aeabi_llsl
    dadd.o(.text) refers to llsshr.o(.text) for __aeabi_lasr
    dadd.o(.text) refers to depilogue.o(.text) for _double_epilogue
    dmul.o(.text) refers (Special) to iusefp.o(.text) for __I$use$fp
    dmul.o(.text) refers to depilogue.o(.text) for _double_epilogue
    fflti.o(.text) refers (Special) to iusefp.o(.text) for __I$use$fp
    fflti.o(.text) refers to fepilogue.o(.text) for _float_epilogue
    ffixui.o(.text) refers (Special) to iusefp.o(.text) for __I$use$fp
    f2d.o(.text) refers (Special) to iusefp.o(.text) for __I$use$fp
    cdcmple.o(.text) refers (Special) to iusefp.o(.text) for __I$use$fp
    cdrcmple.o(.text) refers (Special) to iusefp.o(.text) for __I$use$fp
    d2f.o(.text) refers (Special) to iusefp.o(.text) for __I$use$fp
    d2f.o(.text) refers to fepilogue.o(.text) for _float_round
    cfcmple.o(.text) refers (Special) to iusefp.o(.text) for __I$use$fp
    cfrcmple.o(.text) refers (Special) to iusefp.o(.text) for __I$use$fp
    entry2.o(.ARM.Collect$$$$00000001) refers to entry2.o(.ARM.Collect$$$$00002712) for __lit__00000000
    entry2.o(.ARM.Collect$$$$00002712) refers to startup_stm32f10x_hd.o(STACK) for __initial_sp
    entry2.o(__vectab_stack_and_reset_area) refers to startup_stm32f10x_hd.o(STACK) for __initial_sp
    entry2.o(__vectab_stack_and_reset_area) refers to entry.o(.ARM.Collect$$$$00000000) for __main
    entry5.o(.ARM.Collect$$$$00000004) refers to init.o(.text) for __scatterload
    entry9a.o(.ARM.Collect$$$$0000000B) refers to main.o(.text) for main
    entry9b.o(.ARM.Collect$$$$0000000C) refers to main.o(.text) for main
    depilogue.o(.text) refers to llshl.o(.text) for __aeabi_llsl
    depilogue.o(.text) refers to llushr.o(.text) for __aeabi_llsr
    init.o(.text) refers to entry5.o(.ARM.Collect$$$$00000004) for __main_after_scatterload


==============================================================================

Removing Unused input sections from the image.

    Removing core_cm3.o(.emb_text), (32 bytes).
    Removing startup_stm32f10x_hd.o(HEAP), (512 bytes).
    Removing stm32f10x_adc.o(.text), (1102 bytes).
    Removing stm32f10x_bkp.o(.text), (196 bytes).
    Removing stm32f10x_can.o(.text), (2544 bytes).
    Removing stm32f10x_cec.o(.text), (288 bytes).
    Removing stm32f10x_crc.o(.text), (72 bytes).
    Removing stm32f10x_dac.o(.text), (396 bytes).
    Removing stm32f10x_dbgmcu.o(.text), (48 bytes).
    Removing stm32f10x_dma.o(.text), (596 bytes).
    Removing stm32f10x_exti.o(.text), (284 bytes).
    Removing stm32f10x_flash.o(.text), (1468 bytes).
    Removing stm32f10x_fsmc.o(.text), (1548 bytes).
    Removing stm32f10x_i2c.o(.text), (1028 bytes).
    Removing stm32f10x_iwdg.o(.text), (64 bytes).
    Removing stm32f10x_pwr.o(.text), (204 bytes).
    Removing stm32f10x_rtc.o(.text), (328 bytes).
    Removing stm32f10x_sdio.o(.text), (468 bytes).
    Removing stm32f10x_spi.o(.text), (780 bytes).
    Removing stm32f10x_wwdg.o(.text), (136 bytes).

20 unused section(s) (total 12094 bytes) removed from the image.

==============================================================================

Image Symbol Table

    Local Symbols

    Symbol Name                              Value     Ov Type        Size  Object(Section)

    ../clib/microlib/init/entry.s            0x00000000   Number         0  entry9b.o ABSOLUTE
    ../clib/microlib/init/entry.s            0x00000000   Number         0  entry10b.o ABSOLUTE
    ../clib/microlib/init/entry.s            0x00000000   Number         0  entry11a.o ABSOLUTE
    ../clib/microlib/init/entry.s            0x00000000   Number         0  entry11b.o ABSOLUTE
    ../clib/microlib/init/entry.s            0x00000000   Number         0  entry10a.o ABSOLUTE
    ../clib/microlib/init/entry.s            0x00000000   Number         0  entry9a.o ABSOLUTE
    ../clib/microlib/init/entry.s            0x00000000   Number         0  entry.o ABSOLUTE
    ../clib/microlib/init/entry.s            0x00000000   Number         0  entry8b.o ABSOLUTE
    ../clib/microlib/init/entry.s            0x00000000   Number         0  entry8a.o ABSOLUTE
    ../clib/microlib/init/entry.s            0x00000000   Number         0  entry7b.o ABSOLUTE
    ../clib/microlib/init/entry.s            0x00000000   Number         0  entry7a.o ABSOLUTE
    ../clib/microlib/init/entry.s            0x00000000   Number         0  entry5.o ABSOLUTE
    ../clib/microlib/init/entry.s            0x00000000   Number         0  entry2.o ABSOLUTE
    ../clib/microlib/longlong.c              0x00000000   Number         0  llsshr.o ABSOLUTE
    ../clib/microlib/longlong.c              0x00000000   Number         0  llushr.o ABSOLUTE
    ../clib/microlib/longlong.c              0x00000000   Number         0  llshl.o ABSOLUTE
    ../clib/microlib/stubs.s                 0x00000000   Number         0  iusefp.o ABSOLUTE
    ../clib/microlib/stubs.s                 0x00000000   Number         0  useno.o ABSOLUTE
    ../fplib/microlib/d2f.c                  0x00000000   Number         0  d2f.o ABSOLUTE
    ../fplib/microlib/f2d.c                  0x00000000   Number         0  f2d.o ABSOLUTE
    ../fplib/microlib/fpadd.c                0x00000000   Number         0  fadd.o ABSOLUTE
    ../fplib/microlib/fpadd.c                0x00000000   Number         0  dadd.o ABSOLUTE
    ../fplib/microlib/fpdiv.c                0x00000000   Number         0  fdiv.o ABSOLUTE
    ../fplib/microlib/fpepilogue.c           0x00000000   Number         0  depilogue.o ABSOLUTE
    ../fplib/microlib/fpepilogue.c           0x00000000   Number         0  fepilogue.o ABSOLUTE
    ../fplib/microlib/fpfix.c                0x00000000   Number         0  ffixui.o ABSOLUTE
    ../fplib/microlib/fpflt.c                0x00000000   Number         0  fflti.o ABSOLUTE
    ../fplib/microlib/fpmul.c                0x00000000   Number         0  dmul.o ABSOLUTE
    ../fplib/microlib/fpmul.c                0x00000000   Number         0  fmul.o ABSOLUTE
    ..\CORE\core_cm3.c                       0x00000000   Number         0  core_cm3.o ABSOLUTE
    ..\CORE\startup_stm32f10x_hd.s           0x00000000   Number         0  startup_stm32f10x_hd.o ABSOLUTE
    ..\STM32F10x_FWLib\src\misc.c            0x00000000   Number         0  misc.o ABSOLUTE
    ..\STM32F10x_FWLib\src\stm32f10x_adc.c   0x00000000   Number         0  stm32f10x_adc.o ABSOLUTE
    ..\STM32F10x_FWLib\src\stm32f10x_bkp.c   0x00000000   Number         0  stm32f10x_bkp.o ABSOLUTE
    ..\STM32F10x_FWLib\src\stm32f10x_can.c   0x00000000   Number         0  stm32f10x_can.o ABSOLUTE
    ..\STM32F10x_FWLib\src\stm32f10x_cec.c   0x00000000   Number         0  stm32f10x_cec.o ABSOLUTE
    ..\STM32F10x_FWLib\src\stm32f10x_crc.c   0x00000000   Number         0  stm32f10x_crc.o ABSOLUTE
    ..\STM32F10x_FWLib\src\stm32f10x_dac.c   0x00000000   Number         0  stm32f10x_dac.o ABSOLUTE
    ..\STM32F10x_FWLib\src\stm32f10x_dbgmcu.c 0x00000000   Number         0  stm32f10x_dbgmcu.o ABSOLUTE
    ..\STM32F10x_FWLib\src\stm32f10x_dma.c   0x00000000   Number         0  stm32f10x_dma.o ABSOLUTE
    ..\STM32F10x_FWLib\src\stm32f10x_exti.c  0x00000000   Number         0  stm32f10x_exti.o ABSOLUTE
    ..\STM32F10x_FWLib\src\stm32f10x_flash.c 0x00000000   Number         0  stm32f10x_flash.o ABSOLUTE
    ..\STM32F10x_FWLib\src\stm32f10x_fsmc.c  0x00000000   Number         0  stm32f10x_fsmc.o ABSOLUTE
    ..\STM32F10x_FWLib\src\stm32f10x_gpio.c  0x00000000   Number         0  stm32f10x_gpio.o ABSOLUTE
    ..\STM32F10x_FWLib\src\stm32f10x_i2c.c   0x00000000   Number         0  stm32f10x_i2c.o ABSOLUTE
    ..\STM32F10x_FWLib\src\stm32f10x_iwdg.c  0x00000000   Number         0  stm32f10x_iwdg.o ABSOLUTE
    ..\STM32F10x_FWLib\src\stm32f10x_pwr.c   0x00000000   Number         0  stm32f10x_pwr.o ABSOLUTE
    ..\STM32F10x_FWLib\src\stm32f10x_rcc.c   0x00000000   Number         0  stm32f10x_rcc.o ABSOLUTE
    ..\STM32F10x_FWLib\src\stm32f10x_rtc.c   0x00000000   Number         0  stm32f10x_rtc.o ABSOLUTE
    ..\STM32F10x_FWLib\src\stm32f10x_sdio.c  0x00000000   Number         0  stm32f10x_sdio.o ABSOLUTE
    ..\STM32F10x_FWLib\src\stm32f10x_spi.c   0x00000000   Number         0  stm32f10x_spi.o ABSOLUTE
    ..\STM32F10x_FWLib\src\stm32f10x_tim.c   0x00000000   Number         0  stm32f10x_tim.o ABSOLUTE
    ..\STM32F10x_FWLib\src\stm32f10x_usart.c 0x00000000   Number         0  stm32f10x_usart.o ABSOLUTE
    ..\STM32F10x_FWLib\src\stm32f10x_wwdg.c  0x00000000   Number         0  stm32f10x_wwdg.o ABSOLUTE
    ..\SYSTEM\delay\delay.c                  0x00000000   Number         0  delay.o ABSOLUTE
    ..\SYSTEM\encoder.c                      0x00000000   Number         0  encoder.o ABSOLUTE
    ..\SYSTEM\motor.c                        0x00000000   Number         0  motor.o ABSOLUTE
    ..\SYSTEM\sys\sys.c                      0x00000000   Number         0  sys.o ABSOLUTE
    ..\SYSTEM\tim\tim.c                      0x00000000   Number         0  tim.o ABSOLUTE
    ..\SYSTEM\usart\usart.c                  0x00000000   Number         0  usart.o ABSOLUTE
    ..\\CORE\\core_cm3.c                     0x00000000   Number         0  core_cm3.o ABSOLUTE
    cdcmple.s                                0x00000000   Number         0  cdcmple.o ABSOLUTE
    cdrcmple.s                               0x00000000   Number         0  cdrcmple.o ABSOLUTE
    cfcmple.s                                0x00000000   Number         0  cfcmple.o ABSOLUTE
    cfrcmple.s                               0x00000000   Number         0  cfrcmple.o ABSOLUTE
    dc.s                                     0x00000000   Number         0  dc.o ABSOLUTE
    handlers.s                               0x00000000   Number         0  handlers.o ABSOLUTE
    init.s                                   0x00000000   Number         0  init.o ABSOLUTE
    linewalk.c                               0x00000000   Number         0  linewalk.o ABSOLUTE
    main.c                                   0x00000000   Number         0  main.o ABSOLUTE
    stm32f10x_it.c                           0x00000000   Number         0  stm32f10x_it.o ABSOLUTE
    system_stm32f10x.c                       0x00000000   Number         0  system_stm32f10x.o ABSOLUTE
    RESET                                    0x08000000   Section      304  startup_stm32f10x_hd.o(RESET)
    .ARM.Collect$$$$00000000                 0x08000130   Section        0  entry.o(.ARM.Collect$$$$00000000)
    .ARM.Collect$$$$00000001                 0x08000130   Section        4  entry2.o(.ARM.Collect$$$$00000001)
    .ARM.Collect$$$$00000004                 0x08000134   Section        4  entry5.o(.ARM.Collect$$$$00000004)
    .ARM.Collect$$$$00000008                 0x08000138   Section        0  entry7b.o(.ARM.Collect$$$$00000008)
    .ARM.Collect$$$$0000000A                 0x08000138   Section        0  entry8b.o(.ARM.Collect$$$$0000000A)
    .ARM.Collect$$$$0000000B                 0x08000138   Section        8  entry9a.o(.ARM.Collect$$$$0000000B)
    .ARM.Collect$$$$0000000D                 0x08000140   Section        0  entry10a.o(.ARM.Collect$$$$0000000D)
    .ARM.Collect$$$$0000000F                 0x08000140   Section        0  entry11a.o(.ARM.Collect$$$$0000000F)
    .ARM.Collect$$$$00002712                 0x08000140   Section        4  entry2.o(.ARM.Collect$$$$00002712)
    __lit__00000000                          0x08000140   Data           4  entry2.o(.ARM.Collect$$$$00002712)
    .text                                    0x08000144   Section        0  main.o(.text)
    .text                                    0x08000624   Section        0  stm32f10x_it.o(.text)
    .text                                    0x08000640   Section        0  system_stm32f10x.o(.text)
    SetSysClockTo72                          0x08000641   Thumb Code   214  system_stm32f10x.o(.text)
    SetSysClock                              0x08000717   Thumb Code     8  system_stm32f10x.o(.text)
    .text                                    0x08000820   Section       36  startup_stm32f10x_hd.o(.text)
    .text                                    0x08000844   Section        0  delay.o(.text)
    .text                                    0x08000918   Section        0  sys.o(.text)
    .text                                    0x08000924   Section        0  usart.o(.text)
    .text                                    0x08000a68   Section        0  tim.o(.text)
    TIM1_GPIO_Config                         0x08000a69   Thumb Code    82  tim.o(.text)
    TIM1_Mode_Config                         0x08000abb   Thumb Code   254  tim.o(.text)
    .text                                    0x08000ccc   Section        0  encoder.o(.text)
    .text                                    0x08000eb4   Section        0  linewalk.o(.text)
    .text                                    0x08001044   Section        0  motor.o(.text)
    .text                                    0x0800114c   Section        0  misc.o(.text)
    .text                                    0x08001228   Section        0  stm32f10x_gpio.o(.text)
    .text                                    0x08001584   Section        0  stm32f10x_rcc.o(.text)
    .text                                    0x08001928   Section        0  stm32f10x_tim.o(.text)
    TI4_Config                               0x08001dcf   Thumb Code   130  stm32f10x_tim.o(.text)
    TI3_Config                               0x08001e63   Thumb Code   122  stm32f10x_tim.o(.text)
    TI2_Config                               0x08001ef7   Thumb Code   130  stm32f10x_tim.o(.text)
    TI1_Config                               0x08001f8b   Thumb Code   108  stm32f10x_tim.o(.text)
    .text                                    0x08002744   Section        0  stm32f10x_usart.o(.text)
    .text                                    0x08002b4c   Section        0  fadd.o(.text)
    .text                                    0x08002bfc   Section        0  fmul.o(.text)
    .text                                    0x08002c60   Section        0  fdiv.o(.text)
    .text                                    0x08002cdc   Section        0  dadd.o(.text)
    .text                                    0x08002e2a   Section        0  dmul.o(.text)
    .text                                    0x08002f0e   Section        0  fflti.o(.text)
    .text                                    0x08002f20   Section        0  ffixui.o(.text)
    .text                                    0x08002f48   Section        0  f2d.o(.text)
    .text                                    0x08002f70   Section       48  cdcmple.o(.text)
    .text                                    0x08002fa0   Section       48  cdrcmple.o(.text)
    .text                                    0x08002fd0   Section        0  d2f.o(.text)
    .text                                    0x08003008   Section       20  cfcmple.o(.text)
    .text                                    0x0800301c   Section       20  cfrcmple.o(.text)
    .text                                    0x08003030   Section        0  llshl.o(.text)
    .text                                    0x0800304e   Section        0  llsshr.o(.text)
    .text                                    0x08003072   Section        0  iusefp.o(.text)
    .text                                    0x08003072   Section        0  fepilogue.o(.text)
    .text                                    0x080030e0   Section        0  depilogue.o(.text)
    .text                                    0x0800319c   Section       36  init.o(.text)
    .text                                    0x080031c0   Section        0  llushr.o(.text)
    i.__scatterload_copy                     0x080031e0   Section       14  handlers.o(i.__scatterload_copy)
    i.__scatterload_null                     0x080031ee   Section        2  handlers.o(i.__scatterload_null)
    i.__scatterload_zeroinit                 0x080031f0   Section       14  handlers.o(i.__scatterload_zeroinit)
    .data                                    0x20000000   Section      100  main.o(.data)
    .data                                    0x20000064   Section       20  system_stm32f10x.o(.data)
    .data                                    0x20000078   Section        4  delay.o(.data)
    fac_us                                   0x20000078   Data           1  delay.o(.data)
    fac_ms                                   0x2000007a   Data           2  delay.o(.data)
    .data                                    0x2000007c   Section        6  usart.o(.data)
    .data                                    0x20000084   Section       16  linewalk.o(.data)
    .data                                    0x20000094   Section       24  motor.o(.data)
    .data                                    0x200000ac   Section       20  stm32f10x_rcc.o(.data)
    APBAHBPrescTable                         0x200000ac   Data          16  stm32f10x_rcc.o(.data)
    ADCPrescTable                            0x200000bc   Data           4  stm32f10x_rcc.o(.data)
    .bss                                     0x200000c0   Section      200  usart.o(.bss)
    STACK                                    0x20000188   Section     1024  startup_stm32f10x_hd.o(STACK)

    Global Symbols

    Symbol Name                              Value     Ov Type        Size  Object(Section)

    BuildAttributes$$THM_ISAv4$P$D$K$B$S$PE$A:L22UL41UL21$X:L11$S22US41US21$IEEE1$IW$USESV6$~STKCKD$USESV7$~SHL$OTIME$ROPI$EBA8$MICROLIB$REQ8$PRES8$EABIv2 0x00000000   Number         0  anon$$obj.o ABSOLUTE
    __ARM_use_no_argv                        0x00000000   Number         0  main.o ABSOLUTE
    __use_no_errno                           0x00000000   Number         0  useno.o ABSOLUTE
    __use_no_exception_handling              0x00000000   Number         0  useno.o ABSOLUTE
    __use_no_fp                              0x00000000   Number         0  useno.o ABSOLUTE
    __use_no_heap                            0x00000000   Number         0  useno.o ABSOLUTE
    __use_no_heap_region                     0x00000000   Number         0  useno.o ABSOLUTE
    __use_no_semihosting                     0x00000000   Number         0  useno.o ABSOLUTE
    __use_no_semihosting_swi                 0x00000000   Number         0  useno.o ABSOLUTE
    __use_no_signal_handling                 0x00000000   Number         0  useno.o ABSOLUTE
    __cpp_initialize__aeabi_                  - Undefined Weak Reference
    __cxa_finalize                            - Undefined Weak Reference
    __decompress                              - Undefined Weak Reference
    _clock_init                               - Undefined Weak Reference
    _microlib_exit                            - Undefined Weak Reference
    __Vectors_Size                           0x00000130   Number         0  startup_stm32f10x_hd.o ABSOLUTE
    __Vectors                                0x08000000   Data           4  startup_stm32f10x_hd.o(RESET)
    __Vectors_End                            0x08000130   Data           0  startup_stm32f10x_hd.o(RESET)
    __main                                   0x08000131   Thumb Code     0  entry.o(.ARM.Collect$$$$00000000)
    _main_stk                                0x08000131   Thumb Code     0  entry2.o(.ARM.Collect$$$$00000001)
    _main_scatterload                        0x08000135   Thumb Code     0  entry5.o(.ARM.Collect$$$$00000004)
    __main_after_scatterload                 0x08000139   Thumb Code     0  entry5.o(.ARM.Collect$$$$00000004)
    _main_clock                              0x08000139   Thumb Code     0  entry7b.o(.ARM.Collect$$$$00000008)
    _main_cpp_init                           0x08000139   Thumb Code     0  entry8b.o(.ARM.Collect$$$$0000000A)
    _main_init                               0x08000139   Thumb Code     0  entry9a.o(.ARM.Collect$$$$0000000B)
    __rt_final_cpp                           0x08000141   Thumb Code     0  entry10a.o(.ARM.Collect$$$$0000000D)
    __rt_final_exit                          0x08000141   Thumb Code     0  entry11a.o(.ARM.Collect$$$$0000000F)
    pid_adjust                               0x08000145   Thumb Code   264  main.o(.text)
    pid_add_R                                0x0800024d   Thumb Code   254  main.o(.text)
    pid_add_L                                0x0800034b   Thumb Code   254  main.o(.text)
    bsp_init                                 0x08000449   Thumb Code    36  main.o(.text)
    main                                     0x0800046d   Thumb Code    96  main.o(.text)
    TIM2_IRQHandler                          0x080004cd   Thumb Code   324  main.o(.text)
    NMI_Handler                              0x08000625   Thumb Code     2  stm32f10x_it.o(.text)
    HardFault_Handler                        0x08000627   Thumb Code     4  stm32f10x_it.o(.text)
    MemManage_Handler                        0x0800062b   Thumb Code     4  stm32f10x_it.o(.text)
    BusFault_Handler                         0x0800062f   Thumb Code     4  stm32f10x_it.o(.text)
    UsageFault_Handler                       0x08000633   Thumb Code     4  stm32f10x_it.o(.text)
    SVC_Handler                              0x08000637   Thumb Code     2  stm32f10x_it.o(.text)
    DebugMon_Handler                         0x08000639   Thumb Code     2  stm32f10x_it.o(.text)
    PendSV_Handler                           0x0800063b   Thumb Code     2  stm32f10x_it.o(.text)
    SysTick_Handler                          0x0800063d   Thumb Code     2  stm32f10x_it.o(.text)
    SystemInit                               0x0800071f   Thumb Code    78  system_stm32f10x.o(.text)
    SystemCoreClockUpdate                    0x0800076d   Thumb Code   142  system_stm32f10x.o(.text)
    Reset_Handler                            0x08000821   Thumb Code     8  startup_stm32f10x_hd.o(.text)
    ADC1_2_IRQHandler                        0x0800083b   Thumb Code     0  startup_stm32f10x_hd.o(.text)
    ADC3_IRQHandler                          0x0800083b   Thumb Code     0  startup_stm32f10x_hd.o(.text)
    CAN1_RX1_IRQHandler                      0x0800083b   Thumb Code     0  startup_stm32f10x_hd.o(.text)
    CAN1_SCE_IRQHandler                      0x0800083b   Thumb Code     0  startup_stm32f10x_hd.o(.text)
    DMA1_Channel1_IRQHandler                 0x0800083b   Thumb Code     0  startup_stm32f10x_hd.o(.text)
    DMA1_Channel2_IRQHandler                 0x0800083b   Thumb Code     0  startup_stm32f10x_hd.o(.text)
    DMA1_Channel3_IRQHandler                 0x0800083b   Thumb Code     0  startup_stm32f10x_hd.o(.text)
    DMA1_Channel4_IRQHandler                 0x0800083b   Thumb Code     0  startup_stm32f10x_hd.o(.text)
    DMA1_Channel5_IRQHandler                 0x0800083b   Thumb Code     0  startup_stm32f10x_hd.o(.text)
    DMA1_Channel6_IRQHandler                 0x0800083b   Thumb Code     0  startup_stm32f10x_hd.o(.text)
    DMA1_Channel7_IRQHandler                 0x0800083b   Thumb Code     0  startup_stm32f10x_hd.o(.text)
    DMA2_Channel1_IRQHandler                 0x0800083b   Thumb Code     0  startup_stm32f10x_hd.o(.text)
    DMA2_Channel2_IRQHandler                 0x0800083b   Thumb Code     0  startup_stm32f10x_hd.o(.text)
    DMA2_Channel3_IRQHandler                 0x0800083b   Thumb Code     0  startup_stm32f10x_hd.o(.text)
    DMA2_Channel4_5_IRQHandler               0x0800083b   Thumb Code     0  startup_stm32f10x_hd.o(.text)
    EXTI0_IRQHandler                         0x0800083b   Thumb Code     0  startup_stm32f10x_hd.o(.text)
    EXTI15_10_IRQHandler                     0x0800083b   Thumb Code     0  startup_stm32f10x_hd.o(.text)
    EXTI1_IRQHandler                         0x0800083b   Thumb Code     0  startup_stm32f10x_hd.o(.text)
    EXTI2_IRQHandler                         0x0800083b   Thumb Code     0  startup_stm32f10x_hd.o(.text)
    EXTI3_IRQHandler                         0x0800083b   Thumb Code     0  startup_stm32f10x_hd.o(.text)
    EXTI4_IRQHandler                         0x0800083b   Thumb Code     0  startup_stm32f10x_hd.o(.text)
    EXTI9_5_IRQHandler                       0x0800083b   Thumb Code     0  startup_stm32f10x_hd.o(.text)
    FLASH_IRQHandler                         0x0800083b   Thumb Code     0  startup_stm32f10x_hd.o(.text)
    FSMC_IRQHandler                          0x0800083b   Thumb Code     0  startup_stm32f10x_hd.o(.text)
    I2C1_ER_IRQHandler                       0x0800083b   Thumb Code     0  startup_stm32f10x_hd.o(.text)
    I2C1_EV_IRQHandler                       0x0800083b   Thumb Code     0  startup_stm32f10x_hd.o(.text)
    I2C2_ER_IRQHandler                       0x0800083b   Thumb Code     0  startup_stm32f10x_hd.o(.text)
    I2C2_EV_IRQHandler                       0x0800083b   Thumb Code     0  startup_stm32f10x_hd.o(.text)
    PVD_IRQHandler                           0x0800083b   Thumb Code     0  startup_stm32f10x_hd.o(.text)
    RCC_IRQHandler                           0x0800083b   Thumb Code     0  startup_stm32f10x_hd.o(.text)
    RTCAlarm_IRQHandler                      0x0800083b   Thumb Code     0  startup_stm32f10x_hd.o(.text)
    RTC_IRQHandler                           0x0800083b   Thumb Code     0  startup_stm32f10x_hd.o(.text)
    SDIO_IRQHandler                          0x0800083b   Thumb Code     0  startup_stm32f10x_hd.o(.text)
    SPI1_IRQHandler                          0x0800083b   Thumb Code     0  startup_stm32f10x_hd.o(.text)
    SPI2_IRQHandler                          0x0800083b   Thumb Code     0  startup_stm32f10x_hd.o(.text)
    SPI3_IRQHandler                          0x0800083b   Thumb Code     0  startup_stm32f10x_hd.o(.text)
    TAMPER_IRQHandler                        0x0800083b   Thumb Code     0  startup_stm32f10x_hd.o(.text)
    TIM1_BRK_IRQHandler                      0x0800083b   Thumb Code     0  startup_stm32f10x_hd.o(.text)
    TIM1_CC_IRQHandler                       0x0800083b   Thumb Code     0  startup_stm32f10x_hd.o(.text)
    TIM1_TRG_COM_IRQHandler                  0x0800083b   Thumb Code     0  startup_stm32f10x_hd.o(.text)
    TIM1_UP_IRQHandler                       0x0800083b   Thumb Code     0  startup_stm32f10x_hd.o(.text)
    TIM5_IRQHandler                          0x0800083b   Thumb Code     0  startup_stm32f10x_hd.o(.text)
    TIM6_IRQHandler                          0x0800083b   Thumb Code     0  startup_stm32f10x_hd.o(.text)
    TIM7_IRQHandler                          0x0800083b   Thumb Code     0  startup_stm32f10x_hd.o(.text)
    TIM8_BRK_IRQHandler                      0x0800083b   Thumb Code     0  startup_stm32f10x_hd.o(.text)
    TIM8_CC_IRQHandler                       0x0800083b   Thumb Code     0  startup_stm32f10x_hd.o(.text)
    TIM8_TRG_COM_IRQHandler                  0x0800083b   Thumb Code     0  startup_stm32f10x_hd.o(.text)
    TIM8_UP_IRQHandler                       0x0800083b   Thumb Code     0  startup_stm32f10x_hd.o(.text)
    UART4_IRQHandler                         0x0800083b   Thumb Code     0  startup_stm32f10x_hd.o(.text)
    UART5_IRQHandler                         0x0800083b   Thumb Code     0  startup_stm32f10x_hd.o(.text)
    USART1_IRQHandler                        0x0800083b   Thumb Code     0  startup_stm32f10x_hd.o(.text)
    USART3_IRQHandler                        0x0800083b   Thumb Code     0  startup_stm32f10x_hd.o(.text)
    USBWakeUp_IRQHandler                     0x0800083b   Thumb Code     0  startup_stm32f10x_hd.o(.text)
    USB_HP_CAN1_TX_IRQHandler                0x0800083b   Thumb Code     0  startup_stm32f10x_hd.o(.text)
    USB_LP_CAN1_RX0_IRQHandler               0x0800083b   Thumb Code     0  startup_stm32f10x_hd.o(.text)
    WWDG_IRQHandler                          0x0800083b   Thumb Code     0  startup_stm32f10x_hd.o(.text)
    delay_init                               0x08000845   Thumb Code    50  delay.o(.text)
    delay_us                                 0x08000877   Thumb Code    72  delay.o(.text)
    delay_ms                                 0x080008bf   Thumb Code    72  delay.o(.text)
    NVIC_Configuration                       0x08000919   Thumb Code    12  sys.o(.text)
    _sys_exit                                0x08000925   Thumb Code     6  usart.o(.text)
    fputc                                    0x0800092b   Thumb Code    24  usart.o(.text)
    uart_init                                0x08000943   Thumb Code   154  usart.o(.text)
    USART2_IRQHandler                        0x080009dd   Thumb Code   122  usart.o(.text)
    TIM1_PWM_Init                            0x08000bb9   Thumb Code    12  tim.o(.text)
    set_pwm_dutycycle                        0x08000bc5   Thumb Code   132  tim.o(.text)
    TIM2_IRQ_init                            0x08000c49   Thumb Code    30  tim.o(.text)
    TIM2_init                                0x08000c67   Thumb Code    78  tim.o(.text)
    Lencoder_init                            0x08000ccd   Thumb Code   192  encoder.o(.text)
    Lread_cnt                                0x08000d8d   Thumb Code    22  encoder.o(.text)
    TIM3_IRQHandler                          0x08000da3   Thumb Code    22  encoder.o(.text)
    Rencoder_init                            0x08000db9   Thumb Code   192  encoder.o(.text)
    Rread_cnt                                0x08000e79   Thumb Code    22  encoder.o(.text)
    TIM4_IRQHandler                          0x08000e8f   Thumb Code    22  encoder.o(.text)
    GetLineWalk                              0x08000eb5   Thumb Code    62  linewalk.o(.text)
    LineWalk_GPIO_Init                       0x08000ef3   Thumb Code   146  linewalk.o(.text)
    linewalking                              0x08000f85   Thumb Code   168  linewalk.o(.text)
    start                                    0x08001045   Thumb Code    56  motor.o(.text)
    turn_left                                0x0800107d   Thumb Code    50  motor.o(.text)
    turn_right                               0x080010af   Thumb Code    50  motor.o(.text)
    go_straight                              0x080010e1   Thumb Code    12  motor.o(.text)
    stop                                     0x080010ed   Thumb Code    58  motor.o(.text)
    NVIC_PriorityGroupConfig                 0x0800114d   Thumb Code    10  misc.o(.text)
    NVIC_Init                                0x08001157   Thumb Code   100  misc.o(.text)
    NVIC_SetVectorTable                      0x080011bb   Thumb Code    14  misc.o(.text)
    NVIC_SystemLPConfig                      0x080011c9   Thumb Code    34  misc.o(.text)
    SysTick_CLKSourceConfig                  0x080011eb   Thumb Code    40  misc.o(.text)
    GPIO_DeInit                              0x08001229   Thumb Code   172  stm32f10x_gpio.o(.text)
    GPIO_AFIODeInit                          0x080012d5   Thumb Code    20  stm32f10x_gpio.o(.text)
    GPIO_Init                                0x080012e9   Thumb Code   278  stm32f10x_gpio.o(.text)
    GPIO_StructInit                          0x080013ff   Thumb Code    16  stm32f10x_gpio.o(.text)
    GPIO_ReadInputDataBit                    0x0800140f   Thumb Code    18  stm32f10x_gpio.o(.text)
    GPIO_ReadInputData                       0x08001421   Thumb Code     8  stm32f10x_gpio.o(.text)
    GPIO_ReadOutputDataBit                   0x08001429   Thumb Code    18  stm32f10x_gpio.o(.text)
    GPIO_ReadOutputData                      0x0800143b   Thumb Code     8  stm32f10x_gpio.o(.text)
    GPIO_SetBits                             0x08001443   Thumb Code     4  stm32f10x_gpio.o(.text)
    GPIO_ResetBits                           0x08001447   Thumb Code     4  stm32f10x_gpio.o(.text)
    GPIO_WriteBit                            0x0800144b   Thumb Code    10  stm32f10x_gpio.o(.text)
    GPIO_Write                               0x08001455   Thumb Code     4  stm32f10x_gpio.o(.text)
    GPIO_PinLockConfig                       0x08001459   Thumb Code    18  stm32f10x_gpio.o(.text)
    GPIO_EventOutputConfig                   0x0800146b   Thumb Code    26  stm32f10x_gpio.o(.text)
    GPIO_EventOutputCmd                      0x08001485   Thumb Code     6  stm32f10x_gpio.o(.text)
    GPIO_PinRemapConfig                      0x0800148b   Thumb Code   138  stm32f10x_gpio.o(.text)
    GPIO_EXTILineConfig                      0x08001515   Thumb Code    66  stm32f10x_gpio.o(.text)
    GPIO_ETH_MediaInterfaceConfig            0x08001557   Thumb Code     8  stm32f10x_gpio.o(.text)
    RCC_DeInit                               0x08001585   Thumb Code    64  stm32f10x_rcc.o(.text)
    RCC_HSEConfig                            0x080015c5   Thumb Code    70  stm32f10x_rcc.o(.text)
    RCC_GetFlagStatus                        0x0800160b   Thumb Code    56  stm32f10x_rcc.o(.text)
    RCC_WaitForHSEStartUp                    0x08001643   Thumb Code    56  stm32f10x_rcc.o(.text)
    RCC_AdjustHSICalibrationValue            0x0800167b   Thumb Code    20  stm32f10x_rcc.o(.text)
    RCC_HSICmd                               0x0800168f   Thumb Code     6  stm32f10x_rcc.o(.text)
    RCC_PLLConfig                            0x08001695   Thumb Code    24  stm32f10x_rcc.o(.text)
    RCC_PLLCmd                               0x080016ad   Thumb Code     6  stm32f10x_rcc.o(.text)
    RCC_SYSCLKConfig                         0x080016b3   Thumb Code    18  stm32f10x_rcc.o(.text)
    RCC_GetSYSCLKSource                      0x080016c5   Thumb Code    10  stm32f10x_rcc.o(.text)
    RCC_HCLKConfig                           0x080016cf   Thumb Code    18  stm32f10x_rcc.o(.text)
    RCC_PCLK1Config                          0x080016e1   Thumb Code    18  stm32f10x_rcc.o(.text)
    RCC_PCLK2Config                          0x080016f3   Thumb Code    20  stm32f10x_rcc.o(.text)
    RCC_ITConfig                             0x08001707   Thumb Code    26  stm32f10x_rcc.o(.text)
    RCC_USBCLKConfig                         0x08001721   Thumb Code     8  stm32f10x_rcc.o(.text)
    RCC_ADCCLKConfig                         0x08001729   Thumb Code    18  stm32f10x_rcc.o(.text)
    RCC_LSEConfig                            0x0800173b   Thumb Code    50  stm32f10x_rcc.o(.text)
    RCC_LSICmd                               0x0800176d   Thumb Code     6  stm32f10x_rcc.o(.text)
    RCC_RTCCLKConfig                         0x08001773   Thumb Code    12  stm32f10x_rcc.o(.text)
    RCC_RTCCLKCmd                            0x0800177f   Thumb Code     8  stm32f10x_rcc.o(.text)
    RCC_GetClocksFreq                        0x08001787   Thumb Code   192  stm32f10x_rcc.o(.text)
    RCC_AHBPeriphClockCmd                    0x08001847   Thumb Code    26  stm32f10x_rcc.o(.text)
    RCC_APB2PeriphClockCmd                   0x08001861   Thumb Code    26  stm32f10x_rcc.o(.text)
    RCC_APB1PeriphClockCmd                   0x0800187b   Thumb Code    26  stm32f10x_rcc.o(.text)
    RCC_APB2PeriphResetCmd                   0x08001895   Thumb Code    26  stm32f10x_rcc.o(.text)
    RCC_APB1PeriphResetCmd                   0x080018af   Thumb Code    26  stm32f10x_rcc.o(.text)
    RCC_BackupResetCmd                       0x080018c9   Thumb Code     8  stm32f10x_rcc.o(.text)
    RCC_ClockSecuritySystemCmd               0x080018d1   Thumb Code     6  stm32f10x_rcc.o(.text)
    RCC_MCOConfig                            0x080018d7   Thumb Code     6  stm32f10x_rcc.o(.text)
    RCC_ClearFlag                            0x080018dd   Thumb Code    14  stm32f10x_rcc.o(.text)
    RCC_GetITStatus                          0x080018eb   Thumb Code    20  stm32f10x_rcc.o(.text)
    RCC_ClearITPendingBit                    0x080018ff   Thumb Code     6  stm32f10x_rcc.o(.text)
    TIM_DeInit                               0x08001929   Thumb Code   424  stm32f10x_tim.o(.text)
    TIM_TimeBaseInit                         0x08001ad1   Thumb Code   122  stm32f10x_tim.o(.text)
    TIM_OC1Init                              0x08001b4b   Thumb Code   132  stm32f10x_tim.o(.text)
    TIM_OC2Init                              0x08001bcf   Thumb Code   154  stm32f10x_tim.o(.text)
    TIM_OC3Init                              0x08001c69   Thumb Code   150  stm32f10x_tim.o(.text)
    TIM_OC4Init                              0x08001cff   Thumb Code   182  stm32f10x_tim.o(.text)
    TIM_SetIC4Prescaler                      0x08001db5   Thumb Code    26  stm32f10x_tim.o(.text)
    TIM_SetIC3Prescaler                      0x08001e51   Thumb Code    18  stm32f10x_tim.o(.text)
    TIM_SetIC2Prescaler                      0x08001edd   Thumb Code    26  stm32f10x_tim.o(.text)
    TIM_SetIC1Prescaler                      0x08001f79   Thumb Code    18  stm32f10x_tim.o(.text)
    TIM_ICInit                               0x08001ff7   Thumb Code   150  stm32f10x_tim.o(.text)
    TIM_PWMIConfig                           0x0800208d   Thumb Code   124  stm32f10x_tim.o(.text)
    TIM_BDTRConfig                           0x08002109   Thumb Code    32  stm32f10x_tim.o(.text)
    TIM_TimeBaseStructInit                   0x08002129   Thumb Code    18  stm32f10x_tim.o(.text)
    TIM_OCStructInit                         0x0800213b   Thumb Code    20  stm32f10x_tim.o(.text)
    TIM_ICStructInit                         0x0800214f   Thumb Code    18  stm32f10x_tim.o(.text)
    TIM_BDTRStructInit                       0x08002161   Thumb Code    40  stm32f10x_tim.o(.text)
    TIM_Cmd                                  0x08002189   Thumb Code    24  stm32f10x_tim.o(.text)
    TIM_CtrlPWMOutputs                       0x080021a1   Thumb Code    30  stm32f10x_tim.o(.text)
    TIM_ITConfig                             0x080021bf   Thumb Code    18  stm32f10x_tim.o(.text)
    TIM_GenerateEvent                        0x080021d1   Thumb Code     4  stm32f10x_tim.o(.text)
    TIM_DMAConfig                            0x080021d5   Thumb Code    10  stm32f10x_tim.o(.text)
    TIM_DMACmd                               0x080021df   Thumb Code    18  stm32f10x_tim.o(.text)
    TIM_InternalClockConfig                  0x080021f1   Thumb Code    12  stm32f10x_tim.o(.text)
    TIM_SelectInputTrigger                   0x080021fd   Thumb Code    18  stm32f10x_tim.o(.text)
    TIM_ITRxExternalClockConfig              0x0800220f   Thumb Code    24  stm32f10x_tim.o(.text)
    TIM_TIxExternalClockConfig               0x08002227   Thumb Code    62  stm32f10x_tim.o(.text)
    TIM_ETRConfig                            0x08002265   Thumb Code    28  stm32f10x_tim.o(.text)
    TIM_ETRClockMode1Config                  0x08002281   Thumb Code    54  stm32f10x_tim.o(.text)
    TIM_ETRClockMode2Config                  0x080022b7   Thumb Code    32  stm32f10x_tim.o(.text)
    TIM_PrescalerConfig                      0x080022d7   Thumb Code     6  stm32f10x_tim.o(.text)
    TIM_CounterModeConfig                    0x080022dd   Thumb Code    18  stm32f10x_tim.o(.text)
    TIM_EncoderInterfaceConfig               0x080022ef   Thumb Code    66  stm32f10x_tim.o(.text)
    TIM_ForcedOC1Config                      0x08002331   Thumb Code    18  stm32f10x_tim.o(.text)
    TIM_ForcedOC2Config                      0x08002343   Thumb Code    26  stm32f10x_tim.o(.text)
    TIM_ForcedOC3Config                      0x0800235d   Thumb Code    18  stm32f10x_tim.o(.text)
    TIM_ForcedOC4Config                      0x0800236f   Thumb Code    26  stm32f10x_tim.o(.text)
    TIM_ARRPreloadConfig                     0x08002389   Thumb Code    24  stm32f10x_tim.o(.text)
    TIM_SelectCOM                            0x080023a1   Thumb Code    24  stm32f10x_tim.o(.text)
    TIM_SelectCCDMA                          0x080023b9   Thumb Code    24  stm32f10x_tim.o(.text)
    TIM_CCPreloadControl                     0x080023d1   Thumb Code    24  stm32f10x_tim.o(.text)
    TIM_OC1PreloadConfig                     0x080023e9   Thumb Code    18  stm32f10x_tim.o(.text)
    TIM_OC2PreloadConfig                     0x080023fb   Thumb Code    26  stm32f10x_tim.o(.text)
    TIM_OC3PreloadConfig                     0x08002415   Thumb Code    18  stm32f10x_tim.o(.text)
    TIM_OC4PreloadConfig                     0x08002427   Thumb Code    26  stm32f10x_tim.o(.text)
    TIM_OC1FastConfig                        0x08002441   Thumb Code    18  stm32f10x_tim.o(.text)
    TIM_OC2FastConfig                        0x08002453   Thumb Code    26  stm32f10x_tim.o(.text)
    TIM_OC3FastConfig                        0x0800246d   Thumb Code    18  stm32f10x_tim.o(.text)
    TIM_OC4FastConfig                        0x0800247f   Thumb Code    26  stm32f10x_tim.o(.text)
    TIM_ClearOC1Ref                          0x08002499   Thumb Code    18  stm32f10x_tim.o(.text)
    TIM_ClearOC2Ref                          0x080024ab   Thumb Code    24  stm32f10x_tim.o(.text)
    TIM_ClearOC3Ref                          0x080024c3   Thumb Code    18  stm32f10x_tim.o(.text)
    TIM_ClearOC4Ref                          0x080024d5   Thumb Code    24  stm32f10x_tim.o(.text)
    TIM_OC1PolarityConfig                    0x080024ed   Thumb Code    18  stm32f10x_tim.o(.text)
    TIM_OC1NPolarityConfig                   0x080024ff   Thumb Code    18  stm32f10x_tim.o(.text)
    TIM_OC2PolarityConfig                    0x08002511   Thumb Code    26  stm32f10x_tim.o(.text)
    TIM_OC2NPolarityConfig                   0x0800252b   Thumb Code    26  stm32f10x_tim.o(.text)
    TIM_OC3PolarityConfig                    0x08002545   Thumb Code    26  stm32f10x_tim.o(.text)
    TIM_OC3NPolarityConfig                   0x0800255f   Thumb Code    26  stm32f10x_tim.o(.text)
    TIM_OC4PolarityConfig                    0x08002579   Thumb Code    26  stm32f10x_tim.o(.text)
    TIM_CCxCmd                               0x08002593   Thumb Code    30  stm32f10x_tim.o(.text)
    TIM_CCxNCmd                              0x080025b1   Thumb Code    30  stm32f10x_tim.o(.text)
    TIM_SelectOCxM                           0x080025cf   Thumb Code    82  stm32f10x_tim.o(.text)
    TIM_UpdateDisableConfig                  0x08002621   Thumb Code    24  stm32f10x_tim.o(.text)
    TIM_UpdateRequestConfig                  0x08002639   Thumb Code    24  stm32f10x_tim.o(.text)
    TIM_SelectHallSensor                     0x08002651   Thumb Code    24  stm32f10x_tim.o(.text)
    TIM_SelectOnePulseMode                   0x08002669   Thumb Code    18  stm32f10x_tim.o(.text)
    TIM_SelectOutputTrigger                  0x0800267b   Thumb Code    18  stm32f10x_tim.o(.text)
    TIM_SelectSlaveMode                      0x0800268d   Thumb Code    18  stm32f10x_tim.o(.text)
    TIM_SelectMasterSlaveMode                0x0800269f   Thumb Code    18  stm32f10x_tim.o(.text)
    TIM_SetCounter                           0x080026b1   Thumb Code     4  stm32f10x_tim.o(.text)
    TIM_SetAutoreload                        0x080026b5   Thumb Code     4  stm32f10x_tim.o(.text)
    TIM_SetCompare1                          0x080026b9   Thumb Code     4  stm32f10x_tim.o(.text)
    TIM_SetCompare2                          0x080026bd   Thumb Code     4  stm32f10x_tim.o(.text)
    TIM_SetCompare3                          0x080026c1   Thumb Code     4  stm32f10x_tim.o(.text)
    TIM_SetCompare4                          0x080026c5   Thumb Code     6  stm32f10x_tim.o(.text)
    TIM_SetClockDivision                     0x080026cb   Thumb Code    18  stm32f10x_tim.o(.text)
    TIM_GetCapture1                          0x080026dd   Thumb Code     6  stm32f10x_tim.o(.text)
    TIM_GetCapture2                          0x080026e3   Thumb Code     6  stm32f10x_tim.o(.text)
    TIM_GetCapture3                          0x080026e9   Thumb Code     6  stm32f10x_tim.o(.text)
    TIM_GetCapture4                          0x080026ef   Thumb Code     8  stm32f10x_tim.o(.text)
    TIM_GetCounter                           0x080026f7   Thumb Code     6  stm32f10x_tim.o(.text)
    TIM_GetPrescaler                         0x080026fd   Thumb Code     6  stm32f10x_tim.o(.text)
    TIM_GetFlagStatus                        0x08002703   Thumb Code    18  stm32f10x_tim.o(.text)
    TIM_ClearFlag                            0x08002715   Thumb Code     6  stm32f10x_tim.o(.text)
    TIM_GetITStatus                          0x0800271b   Thumb Code    34  stm32f10x_tim.o(.text)
    TIM_ClearITPendingBit                    0x0800273d   Thumb Code     6  stm32f10x_tim.o(.text)
    USART_DeInit                             0x08002745   Thumb Code   134  stm32f10x_usart.o(.text)
    USART_Init                               0x080027cb   Thumb Code   210  stm32f10x_usart.o(.text)
    USART_StructInit                         0x0800289d   Thumb Code    24  stm32f10x_usart.o(.text)
    USART_ClockInit                          0x080028b5   Thumb Code    34  stm32f10x_usart.o(.text)
    USART_ClockStructInit                    0x080028d7   Thumb Code    12  stm32f10x_usart.o(.text)
    USART_Cmd                                0x080028e3   Thumb Code    24  stm32f10x_usart.o(.text)
    USART_ITConfig                           0x080028fb   Thumb Code    74  stm32f10x_usart.o(.text)
    USART_DMACmd                             0x08002945   Thumb Code    18  stm32f10x_usart.o(.text)
    USART_SetAddress                         0x08002957   Thumb Code    18  stm32f10x_usart.o(.text)
    USART_WakeUpConfig                       0x08002969   Thumb Code    18  stm32f10x_usart.o(.text)
    USART_ReceiverWakeUpCmd                  0x0800297b   Thumb Code    24  stm32f10x_usart.o(.text)
    USART_LINBreakDetectLengthConfig         0x08002993   Thumb Code    18  stm32f10x_usart.o(.text)
    USART_LINCmd                             0x080029a5   Thumb Code    24  stm32f10x_usart.o(.text)
    USART_SendData                           0x080029bd   Thumb Code     8  stm32f10x_usart.o(.text)
    USART_ReceiveData                        0x080029c5   Thumb Code    10  stm32f10x_usart.o(.text)
    USART_SendBreak                          0x080029cf   Thumb Code    10  stm32f10x_usart.o(.text)
    USART_SetGuardTime                       0x080029d9   Thumb Code    16  stm32f10x_usart.o(.text)
    USART_SetPrescaler                       0x080029e9   Thumb Code    16  stm32f10x_usart.o(.text)
    USART_SmartCardCmd                       0x080029f9   Thumb Code    24  stm32f10x_usart.o(.text)
    USART_SmartCardNACKCmd                   0x08002a11   Thumb Code    24  stm32f10x_usart.o(.text)
    USART_HalfDuplexCmd                      0x08002a29   Thumb Code    24  stm32f10x_usart.o(.text)
    USART_OverSampling8Cmd                   0x08002a41   Thumb Code    22  stm32f10x_usart.o(.text)
    USART_OneBitMethodCmd                    0x08002a57   Thumb Code    24  stm32f10x_usart.o(.text)
    USART_IrDAConfig                         0x08002a6f   Thumb Code    18  stm32f10x_usart.o(.text)
    USART_IrDACmd                            0x08002a81   Thumb Code    24  stm32f10x_usart.o(.text)
    USART_GetFlagStatus                      0x08002a99   Thumb Code    26  stm32f10x_usart.o(.text)
    USART_ClearFlag                          0x08002ab3   Thumb Code    18  stm32f10x_usart.o(.text)
    USART_GetITStatus                        0x08002ac5   Thumb Code    84  stm32f10x_usart.o(.text)
    USART_ClearITPendingBit                  0x08002b19   Thumb Code    52  stm32f10x_usart.o(.text)
    __aeabi_fadd                             0x08002b4d   Thumb Code   164  fadd.o(.text)
    __aeabi_fsub                             0x08002bf1   Thumb Code     6  fadd.o(.text)
    __aeabi_frsub                            0x08002bf7   Thumb Code     6  fadd.o(.text)
    __aeabi_fmul                             0x08002bfd   Thumb Code   100  fmul.o(.text)
    __aeabi_fdiv                             0x08002c61   Thumb Code   124  fdiv.o(.text)
    __aeabi_dadd                             0x08002cdd   Thumb Code   322  dadd.o(.text)
    __aeabi_dsub                             0x08002e1f   Thumb Code     6  dadd.o(.text)
    __aeabi_drsub                            0x08002e25   Thumb Code     6  dadd.o(.text)
    __aeabi_dmul                             0x08002e2b   Thumb Code   228  dmul.o(.text)
    __aeabi_i2f                              0x08002f0f   Thumb Code    18  fflti.o(.text)
    __aeabi_f2uiz                            0x08002f21   Thumb Code    40  ffixui.o(.text)
    __aeabi_f2d                              0x08002f49   Thumb Code    38  f2d.o(.text)
    __aeabi_cdcmpeq                          0x08002f71   Thumb Code     0  cdcmple.o(.text)
    __aeabi_cdcmple                          0x08002f71   Thumb Code    48  cdcmple.o(.text)
    __aeabi_cdrcmple                         0x08002fa1   Thumb Code    48  cdrcmple.o(.text)
    __aeabi_d2f                              0x08002fd1   Thumb Code    56  d2f.o(.text)
    __aeabi_cfcmpeq                          0x08003009   Thumb Code     0  cfcmple.o(.text)
    __aeabi_cfcmple                          0x08003009   Thumb Code    20  cfcmple.o(.text)
    __aeabi_cfrcmple                         0x0800301d   Thumb Code    20  cfrcmple.o(.text)
    __aeabi_llsl                             0x08003031   Thumb Code    30  llshl.o(.text)
    _ll_shift_l                              0x08003031   Thumb Code     0  llshl.o(.text)
    __aeabi_lasr                             0x0800304f   Thumb Code    36  llsshr.o(.text)
    _ll_sshift_r                             0x0800304f   Thumb Code     0  llsshr.o(.text)
    __I$use$fp                               0x08003073   Thumb Code     0  iusefp.o(.text)
    _float_round                             0x08003073   Thumb Code    18  fepilogue.o(.text)
    _float_epilogue                          0x08003085   Thumb Code    92  fepilogue.o(.text)
    _double_round                            0x080030e1   Thumb Code    30  depilogue.o(.text)
    _double_epilogue                         0x080030ff   Thumb Code   156  depilogue.o(.text)
    __scatterload                            0x0800319d   Thumb Code    28  init.o(.text)
    __scatterload_rt2                        0x0800319d   Thumb Code     0  init.o(.text)
    __aeabi_llsr                             0x080031c1   Thumb Code    32  llushr.o(.text)
    _ll_ushift_r                             0x080031c1   Thumb Code     0  llushr.o(.text)
    __scatterload_copy                       0x080031e1   Thumb Code    14  handlers.o(i.__scatterload_copy)
    __scatterload_null                       0x080031ef   Thumb Code     2  handlers.o(i.__scatterload_null)
    __scatterload_zeroinit                   0x080031f1   Thumb Code    14  handlers.o(i.__scatterload_zeroinit)
    Region$$Table$$Base                      0x08003200   Number         0  anon$$obj.o(Region$$Table)
    Region$$Table$$Limit                     0x08003220   Number         0  anon$$obj.o(Region$$Table)
    pwmtick                                  0x20000000   Data           1  main.o(.data)
    dutycycle                                0x20000001   Data           1  main.o(.data)
    cou                                      0x20000004   Data           4  main.o(.data)
    Kp                                       0x20000008   Data           4  main.o(.data)
    Ki                                       0x2000000c   Data           4  main.o(.data)
    Kd                                       0x20000010   Data           4  main.o(.data)
    data_usart_receive                       0x20000014   Data           4  main.o(.data)
    data_usart_receive_last                  0x20000018   Data           4  main.o(.data)
    Acv_L                                    0x2000001c   Data           4  main.o(.data)
    err_now_L                                0x20000020   Data           4  main.o(.data)
    err_last_L                               0x20000024   Data           4  main.o(.data)
    err_last2_L                              0x20000028   Data           4  main.o(.data)
    integral_L                               0x2000002c   Data           4  main.o(.data)
    acclerate_L                              0x20000030   Data           4  main.o(.data)
    pwm1_L                                   0x20000034   Data           4  main.o(.data)
    round1_L                                 0x20000038   Data           4  main.o(.data)
    cnt_temp_L                               0x2000003c   Data           4  main.o(.data)
    Acv_R                                    0x20000040   Data           4  main.o(.data)
    err_now_R                                0x20000044   Data           4  main.o(.data)
    err_last_R                               0x20000048   Data           4  main.o(.data)
    err_last2_R                              0x2000004c   Data           4  main.o(.data)
    integral_R                               0x20000050   Data           4  main.o(.data)
    acclerate_R                              0x20000054   Data           4  main.o(.data)
    pwm1_R                                   0x20000058   Data           4  main.o(.data)
    round1_R                                 0x2000005c   Data           4  main.o(.data)
    cnt_temp_R                               0x20000060   Data           4  main.o(.data)
    SystemCoreClock                          0x20000064   Data           4  system_stm32f10x.o(.data)
    AHBPrescTable                            0x20000068   Data          16  system_stm32f10x.o(.data)
    __stdout                                 0x2000007c   Data           4  usart.o(.data)
    USART_RX_STA                             0x20000080   Data           2  usart.o(.data)
    LineL1                                   0x20000084   Data           4  linewalk.o(.data)
    LineL2                                   0x20000088   Data           4  linewalk.o(.data)
    LineR1                                   0x2000008c   Data           4  linewalk.o(.data)
    LineR2                                   0x20000090   Data           4  linewalk.o(.data)
    Sev_L                                    0x20000094   Data           4  motor.o(.data)
    Sev_R                                    0x20000098   Data           4  motor.o(.data)
    k                                        0x2000009c   Data           4  motor.o(.data)
    t                                        0x200000a0   Data           4  motor.o(.data)
    t1                                       0x200000a4   Data           4  motor.o(.data)
    change                                   0x200000a8   Data           4  motor.o(.data)
    USART_RX_BUF                             0x200000c0   Data         200  usart.o(.bss)
    __initial_sp                             0x20000588   Data           0  startup_stm32f10x_hd.o(STACK)



==============================================================================

Memory Map of the image

  Image Entry point : 0x08000131

  Load Region LR_IROM1 (Base: 0x08000000, Size: 0x000032e0, Max: 0x00010000, ABSOLUTE)

    Execution Region ER_IROM1 (Exec base: 0x08000000, Load base: 0x08000000, Size: 0x00003220, Max: 0x00010000, ABSOLUTE)

    Exec Addr    Load Addr    Size         Type   Attr      Idx    E Section Name        Object

    0x08000000   0x08000000   0x00000130   Data   RO          272    RESET               startup_stm32f10x_hd.o
    0x08000130   0x08000130   0x00000000   Code   RO          812  * .ARM.Collect$$$$00000000  mc_w.l(entry.o)
    0x08000130   0x08000130   0x00000004   Code   RO          841    .ARM.Collect$$$$00000001  mc_w.l(entry2.o)
    0x08000134   0x08000134   0x00000004   Code   RO          844    .ARM.Collect$$$$00000004  mc_w.l(entry5.o)
    0x08000138   0x08000138   0x00000000   Code   RO          846    .ARM.Collect$$$$00000008  mc_w.l(entry7b.o)
    0x08000138   0x08000138   0x00000000   Code   RO          848    .ARM.Collect$$$$0000000A  mc_w.l(entry8b.o)
    0x08000138   0x08000138   0x00000008   Code   RO          849    .ARM.Collect$$$$0000000B  mc_w.l(entry9a.o)
    0x08000140   0x08000140   0x00000000   Code   RO          851    .ARM.Collect$$$$0000000D  mc_w.l(entry10a.o)
    0x08000140   0x08000140   0x00000000   Code   RO          853    .ARM.Collect$$$$0000000F  mc_w.l(entry11a.o)
    0x08000140   0x08000140   0x00000004   Code   RO          842    .ARM.Collect$$$$00002712  mc_w.l(entry2.o)
    0x08000144   0x08000144   0x000004e0   Code   RO            1    .text               main.o
    0x08000624   0x08000624   0x0000001a   Code   RO          143    .text               stm32f10x_it.o
    0x0800063e   0x0800063e   0x00000002   PAD
    0x08000640   0x08000640   0x000001e0   Code   RO          241    .text               system_stm32f10x.o
    0x08000820   0x08000820   0x00000024   Code   RO          273    .text               startup_stm32f10x_hd.o
    0x08000844   0x08000844   0x000000d4   Code   RO          277    .text               delay.o
    0x08000918   0x08000918   0x0000000c   Code   RO          291    .text               sys.o
    0x08000924   0x08000924   0x00000144   Code   RO          332    .text               usart.o
    0x08000a68   0x08000a68   0x00000264   Code   RO          355    .text               tim.o
    0x08000ccc   0x08000ccc   0x000001e8   Code   RO          453    .text               encoder.o
    0x08000eb4   0x08000eb4   0x00000190   Code   RO          472    .text               linewalk.o
    0x08001044   0x08001044   0x00000108   Code   RO          516    .text               motor.o
    0x0800114c   0x0800114c   0x000000dc   Code   RO          534    .text               misc.o
    0x08001228   0x08001228   0x0000035c   Code   RO          678    .text               stm32f10x_gpio.o
    0x08001584   0x08001584   0x000003a4   Code   RO          726    .text               stm32f10x_rcc.o
    0x08001928   0x08001928   0x00000e1a   Code   RO          776    .text               stm32f10x_tim.o
    0x08002742   0x08002742   0x00000002   PAD
    0x08002744   0x08002744   0x00000408   Code   RO          788    .text               stm32f10x_usart.o
    0x08002b4c   0x08002b4c   0x000000b0   Code   RO          815    .text               mf_w.l(fadd.o)
    0x08002bfc   0x08002bfc   0x00000064   Code   RO          817    .text               mf_w.l(fmul.o)
    0x08002c60   0x08002c60   0x0000007c   Code   RO          819    .text               mf_w.l(fdiv.o)
    0x08002cdc   0x08002cdc   0x0000014e   Code   RO          821    .text               mf_w.l(dadd.o)
    0x08002e2a   0x08002e2a   0x000000e4   Code   RO          823    .text               mf_w.l(dmul.o)
    0x08002f0e   0x08002f0e   0x00000012   Code   RO          825    .text               mf_w.l(fflti.o)
    0x08002f20   0x08002f20   0x00000028   Code   RO          827    .text               mf_w.l(ffixui.o)
    0x08002f48   0x08002f48   0x00000026   Code   RO          829    .text               mf_w.l(f2d.o)
    0x08002f6e   0x08002f6e   0x00000002   PAD
    0x08002f70   0x08002f70   0x00000030   Code   RO          831    .text               mf_w.l(cdcmple.o)
    0x08002fa0   0x08002fa0   0x00000030   Code   RO          833    .text               mf_w.l(cdrcmple.o)
    0x08002fd0   0x08002fd0   0x00000038   Code   RO          835    .text               mf_w.l(d2f.o)
    0x08003008   0x08003008   0x00000014   Code   RO          837    .text               mf_w.l(cfcmple.o)
    0x0800301c   0x0800301c   0x00000014   Code   RO          839    .text               mf_w.l(cfrcmple.o)
    0x08003030   0x08003030   0x0000001e   Code   RO          855    .text               mc_w.l(llshl.o)
    0x0800304e   0x0800304e   0x00000024   Code   RO          857    .text               mc_w.l(llsshr.o)
    0x08003072   0x08003072   0x00000000   Code   RO          859    .text               mc_w.l(iusefp.o)
    0x08003072   0x08003072   0x0000006e   Code   RO          860    .text               mf_w.l(fepilogue.o)
    0x080030e0   0x080030e0   0x000000ba   Code   RO          862    .text               mf_w.l(depilogue.o)
    0x0800319a   0x0800319a   0x00000002   PAD
    0x0800319c   0x0800319c   0x00000024   Code   RO          864    .text               mc_w.l(init.o)
    0x080031c0   0x080031c0   0x00000020   Code   RO          866    .text               mc_w.l(llushr.o)
    0x080031e0   0x080031e0   0x0000000e   Code   RO          870    i.__scatterload_copy  mc_w.l(handlers.o)
    0x080031ee   0x080031ee   0x00000002   Code   RO          871    i.__scatterload_null  mc_w.l(handlers.o)
    0x080031f0   0x080031f0   0x0000000e   Code   RO          872    i.__scatterload_zeroinit  mc_w.l(handlers.o)
    0x080031fe   0x080031fe   0x00000002   PAD
    0x08003200   0x08003200   0x00000020   Data   RO          868    Region$$Table       anon$$obj.o


    Execution Region RW_IRAM1 (Exec base: 0x20000000, Load base: 0x08003220, Size: 0x00000588, Max: 0x00005000, ABSOLUTE)

    Exec Addr    Load Addr    Size         Type   Attr      Idx    E Section Name        Object

    0x20000000   0x08003220   0x00000064   Data   RW            2    .data               main.o
    0x20000064   0x08003284   0x00000014   Data   RW          242    .data               system_stm32f10x.o
    0x20000078   0x08003298   0x00000004   Data   RW          278    .data               delay.o
    0x2000007c   0x0800329c   0x00000006   Data   RW          334    .data               usart.o
    0x20000082   0x080032a2   0x00000002   PAD
    0x20000084   0x080032a4   0x00000010   Data   RW          473    .data               linewalk.o
    0x20000094   0x080032b4   0x00000018   Data   RW          517    .data               motor.o
    0x200000ac   0x080032cc   0x00000014   Data   RW          727    .data               stm32f10x_rcc.o
    0x200000c0        -       0x000000c8   Zero   RW          333    .bss                usart.o
    0x20000188        -       0x00000400   Zero   RW          270    STACK               startup_stm32f10x_hd.o


==============================================================================

Image component sizes


      Code (inc. data)   RO Data    RW Data    ZI Data      Debug   Object Name

         0          0          0          0          0         32   core_cm3.o
       212         18          0          4          0       1019   delay.o
       488         16          0          0          0       1654   encoder.o
       400         24          0         16          0       1423   linewalk.o
      1248        174          0        100          0     224733   main.o
       220         22          0          0          0       1841   misc.o
       264         38          0         24          0       1398   motor.o
        36          8        304          0       1024        808   startup_stm32f10x_hd.o
       860         38          0          0          0       5773   stm32f10x_gpio.o
        26          0          0          0          0      44786   stm32f10x_it.o
       932         36          0         20          0       8968   stm32f10x_rcc.o
      3610         88          0          0          0      22880   stm32f10x_tim.o
      1032         22          0          0          0       8496   stm32f10x_usart.o
        12          0          0          0          0     203881   sys.o
       480         38          0         20          0       1799   system_stm32f10x.o
       612         24          0          0          0     233894   tim.o
       324         18          0          6        200       3150   usart.o

    ----------------------------------------------------------------------
     10760        564        336        192       1224     766535   Object Totals
         0          0         32          0          0          0   (incl. Generated)
         4          0          0          2          0          0   (incl. Padding)

    ----------------------------------------------------------------------

      Code (inc. data)   RO Data    RW Data    ZI Data      Debug   Library Member Name

         0          0          0          0          0          0   entry.o
         0          0          0          0          0          0   entry10a.o
         0          0          0          0          0          0   entry11a.o
         8          4          0          0          0          0   entry2.o
         4          0          0          0          0          0   entry5.o
         0          0          0          0          0          0   entry7b.o
         0          0          0          0          0          0   entry8b.o
         8          4          0          0          0          0   entry9a.o
        30          0          0          0          0          0   handlers.o
        36          8          0          0          0         68   init.o
         0          0          0          0          0          0   iusefp.o
        30          0          0          0          0         68   llshl.o
        36          0          0          0          0         68   llsshr.o
        32          0          0          0          0         68   llushr.o
        48          0          0          0          0         68   cdcmple.o
        48          0          0          0          0         68   cdrcmple.o
        20          0          0          0          0         68   cfcmple.o
        20          0          0          0          0         68   cfrcmple.o
        56          0          0          0          0         88   d2f.o
       334          0          0          0          0        148   dadd.o
       186          0          0          0          0        176   depilogue.o
       228          0          0          0          0         96   dmul.o
        38          0          0          0          0         68   f2d.o
       176          0          0          0          0        140   fadd.o
       124          0          0          0          0         88   fdiv.o
       110          0          0          0          0        168   fepilogue.o
        40          0          0          0          0         68   ffixui.o
        18          0          0          0          0         68   fflti.o
       100          0          0          0          0         76   fmul.o

    ----------------------------------------------------------------------
      1736         16          0          0          0       1728   Library Totals
         6          0          0          0          0          0   (incl. Padding)

    ----------------------------------------------------------------------

      Code (inc. data)   RO Data    RW Data    ZI Data      Debug   Library Name

       184         16          0          0          0        272   mc_w.l
      1546          0          0          0          0       1456   mf_w.l

    ----------------------------------------------------------------------
      1736         16          0          0          0       1728   Library Totals

    ----------------------------------------------------------------------

==============================================================================


      Code (inc. data)   RO Data    RW Data    ZI Data      Debug   

     12496        580        336        192       1224     766387   Grand Totals
     12496        580        336        192       1224     766387   ELF Image Totals
     12496        580        336        192          0          0   ROM Totals

==============================================================================

    Total RO  Size (Code + RO Data)                12832 (  12.53kB)
    Total RW  Size (RW Data + ZI Data)              1416 (   1.38kB)
    Total ROM Size (Code + RO Data + RW Data)      13024 (  12.72kB)

==============================================================================

